CounterTest:testCounterHooks() (gas: 195512)
CounterTest:testLiquidityHooks() (gas: 179877)
EasyPosmTest:test_burn() (gas: 400756)
EasyPosmTest:test_decreaseLiquidity() (gas: 500414)
EasyPosmTest:test_increaseLiquidity() (gas: 515698)
EasyPosmTest:test_increaseLiquidityNative() (gas: 471914)
EasyPosmTest:test_mintLiquidity() (gas: 443626)
EasyPosmTest:test_mintLiquidityNative() (gas: 392737)
FoodySwapHookFuzzTest:testFuzz_DynamicFeeNeverExceedsBase(address) (runs: 256, μ: 11610, ~: 11610)
FoodySwapHookFuzzTest:testFuzz_OperatingHoursLogic(uint8,uint8,uint256) (runs: 256, μ: 302043, ~: 491463)
FoodySwapHookFuzzTest:testFuzz_ReferralCannotBeExploited(address,address) (runs: 256, μ: 63232, ~: 63232)
FoodySwapHookFuzzTest:testFuzz_RewardScalingNoOverflow(uint256) (runs: 257, μ: 11741, ~: 12097)
FoodySwapHookFuzzTest:testFuzz_SwapVaryingAmounts(uint256) (runs: 256, μ: 464214, ~: 464445)
FoodySwapHookTest:testAddRestaurant() (gas: 63837)
FoodySwapHookTest:testBasicSwapTracksLoyalty() (gas: 454965)
FoodySwapHookTest:testCannotReferSelf() (gas: 11899)
FoodySwapHookTest:testCannotSetReferrerTwice() (gas: 40377)
FoodySwapHookTest:testCashbackRewards() (gas: 450785)
FoodySwapHookTest:testDynamicFeeByTier() (gas: 13302)
FoodySwapHookTest:testInactiveRestaurantReverts() (gas: 41795)
FoodySwapHookTest:testMaxTxAmountEnforced() (gas: 66567)
FoodySwapHookTest:testOnlyAdminCanAddRestaurant() (gas: 15258)
FoodySwapHookTest:testOperatingHoursEnforced() (gas: 81925)
FoodySwapHookTest:testReferralSystem() (gas: 519315)
FoodySwapHookTest:testRemoveRestaurant() (gas: 23584)
FoodySwapHookTest:testSwapWithoutHookData() (gas: 128805)
FoodySwapHookTest:testTierUpgrades() (gas: 1080804)
FoodySwapHookTest:testTotalRewardsDistributed() (gas: 449419)
FoodySwapHookTest:testTotalVolume() (gas: 449510)
FoodySwapHookTest:testVIPNFTSoulbound() (gas: 8256)
FoodySwapHookTest:testViewFunctions() (gas: 31195)